current directory: /home/alex/Desktop/Medical-Appointments-API/vendor/bundle/ruby/3.1.0/gems/websocket-driver-0.8.0/ext/websocket-driver
/home/alex/.rbenv/versions/3.1.7/bin/ruby -I /home/alex/.rbenv/versions/3.1.7/lib/ruby/3.1.0 extconf.rb
creating Makefile

current directory: /home/alex/Desktop/Medical-Appointments-API/vendor/bundle/ruby/3.1.0/gems/websocket-driver-0.8.0/ext/websocket-driver
make DESTDIR\= sitearchdir\=./.gem.20260123-55090-fsw5y0 sitelibdir\=./.gem.20260123-55090-fsw5y0 clean

current directory: /home/alex/Desktop/Medical-Appointments-API/vendor/bundle/ruby/3.1.0/gems/websocket-driver-0.8.0/ext/websocket-driver
make DESTDIR\= sitearchdir\=./.gem.20260123-55090-fsw5y0 sitelibdir\=./.gem.20260123-55090-fsw5y0
compiling websocket_mask.c
websocket_mask.c: In function ‘Init_websocket_mask’:
websocket_mask.c:26:6: warning: old-style function definition [-Wold-style-definition]
   26 | void Init_websocket_mask()
      |      ^~~~~~~~~~~~~~~~~~~
websocket_mask.c: At top level:
cc1: note: unrecognized command-line option ‘-Wno-self-assign’ may have been intended to silence earlier diagnostics
cc1: note: unrecognized command-line option ‘-Wno-parentheses-equality’ may have been intended to silence earlier diagnostics
cc1: note: unrecognized command-line option ‘-Wno-constant-logical-operand’ may have been intended to silence earlier diagnostics
linking shared-object websocket_mask.so

current directory: /home/alex/Desktop/Medical-Appointments-API/vendor/bundle/ruby/3.1.0/gems/websocket-driver-0.8.0/ext/websocket-driver
make DESTDIR\= sitearchdir\=./.gem.20260123-55090-fsw5y0 sitelibdir\=./.gem.20260123-55090-fsw5y0 install
/usr/bin/install -c -m 0755 websocket_mask.so ./.gem.20260123-55090-fsw5y0
