current directory: /home/alex/Desktop/Medical-Appointments-API/vendor/bundle/ruby/3.1.0/gems/puma-5.6.9/ext/puma_http11
/home/alex/.rbenv/versions/3.1.7/bin/ruby -I /home/alex/.rbenv/versions/3.1.7/lib/ruby/3.1.0 extconf.rb
using OpenSSL pkgconfig (openssl.pc)
checking for openssl/bio.h... yes
checking for DTLS_method() in openssl/ssl.h... yes
checking for TLS_server_method() in openssl/ssl.h... yes
checking for SSL_CTX_set_min_proto_version(NULL, 0) in openssl/ssl.h... yes
checking for X509_STORE_up_ref()... yes
checking for SSL_CTX_set_ecdh_auto(NULL, 0) in openssl/ssl.h... yes
checking for SSL_CTX_set_dh_auto(NULL, 0) in openssl/ssl.h... yes
checking for SSL_get1_peer_certificate() in openssl/ssl.h... yes
checking for Random.bytes... yes
creating Makefile

current directory: /home/alex/Desktop/Medical-Appointments-API/vendor/bundle/ruby/3.1.0/gems/puma-5.6.9/ext/puma_http11
make DESTDIR\= sitearchdir\=./.gem.20260123-55090-awpxjf sitelibdir\=./.gem.20260123-55090-awpxjf clean

current directory: /home/alex/Desktop/Medical-Appointments-API/vendor/bundle/ruby/3.1.0/gems/puma-5.6.9/ext/puma_http11
make DESTDIR\= sitearchdir\=./.gem.20260123-55090-awpxjf sitelibdir\=./.gem.20260123-55090-awpxjf
compiling http11_parser.c
compiling mini_ssl.c
compiling puma_http11.c
linking shared-object puma/puma_http11.so

current directory: /home/alex/Desktop/Medical-Appointments-API/vendor/bundle/ruby/3.1.0/gems/puma-5.6.9/ext/puma_http11
make DESTDIR\= sitearchdir\=./.gem.20260123-55090-awpxjf sitelibdir\=./.gem.20260123-55090-awpxjf install
/usr/bin/install -c -m 0755 puma_http11.so ./.gem.20260123-55090-awpxjf/puma
